
=================================================
2020-06-02T13:38:51+0200
Tests ran successfully on this environment:
-------------------------------------------------
host: elbe.acc.bessy.de
Distributor ID:	Debian
Description:	Debian GNU/Linux 7.11 (wheezy)
Release:	7.11
Codename:	wheezy
-------------------------------------------------
sumo: 4.0.1
bash: 4.2.37(1)-release (x86_64-pc-linux-gnu)
python: 3.2.3
cvs: 1.12.13-MirDebian-9 (client/server)
subversion: 1.8.10 (r1615264)
darcs 2.14.4 (release)
mercurial: 4.4
git: 2.9.4
=================================================

=================================================
2020-06-02T13:48:22+02:00
Tests ran successfully on this environment:
-------------------------------------------------
host: stretch.acc.bessy.de
Distributor ID:	Debian
Description:	Debian GNU/Linux 9.11 (stretch)
Release:	9.11
Codename:	stretch
-------------------------------------------------
sumo: 4.0.1
bash: 4.4.12(1)-release (x86_64-pc-linux-gnu)
python: 3.5.3
cvs: 1.12.13-MirDebian-22 (client/server)
subversion: 1.9.5 (r1770682)
darcs 2.12.4 (release)
mercurial: 4.4
git: 2.20.1
=================================================

=================================================
2020-06-02T13:50:43+02:00
Tests ran successfully on this environment:
-------------------------------------------------
host: orange.fritz.box
LSB Version:	:core-4.1-amd64:core-4.1-noarch:cxx-4.1-amd64:cxx-4.1-noarch:desktop-4.1-amd64:desktop-4.1-noarch:languages-4.1-amd64:languages-4.1-noarch:printing-4.1-amd64:printing-4.1-noarch
Distributor ID:	Fedora
Description:	Fedora release 31 (Thirty One)
Release:	31
Codename:	ThirtyOne
-------------------------------------------------
sumo: 4.0.1
bash: 5.0.11(1)-release (x86_64-redhat-linux-gnu)
python: 3.7.7
cvs: 1.11.23 (client/server)
subversion: 1.12.2 (r1863366)
darcs 2.14.2 (release)
mercurial: 4.9
git: 2.25.4
=================================================

=================================================
2020-06-02T15:15:35+0200
Tests ran successfully on this environment:
-------------------------------------------------
host: elbe.acc.bessy.de
Distributor ID:	Debian
Description:	Debian GNU/Linux 7.11 (wheezy)
Release:	7.11
Codename:	wheezy
-------------------------------------------------
sumo: 4.0.2
bash: 4.2.37(1)-release (x86_64-pc-linux-gnu)
python: 3.2.3
cvs: 1.12.13-MirDebian-9 (client/server)
subversion: 1.8.10 (r1615264)
darcs 2.14.4 (release)
mercurial: 4.4
git: 2.9.4
=================================================

=================================================
2020-06-02T15:18:44+02:00
Tests ran successfully on this environment:
-------------------------------------------------
host: stretch.acc.bessy.de
Distributor ID:	Debian
Description:	Debian GNU/Linux 9.11 (stretch)
Release:	9.11
Codename:	stretch
-------------------------------------------------
sumo: 4.0.2
bash: 4.4.12(1)-release (x86_64-pc-linux-gnu)
python: 3.5.3
cvs: 1.12.13-MirDebian-22 (client/server)
subversion: 1.9.5 (r1770682)
darcs 2.12.4 (release)
mercurial: 4.4
git: 2.20.1
=================================================

=================================================
2020-06-02T15:20:33+02:00
Tests ran successfully on this environment:
-------------------------------------------------
host: orange.fritz.box
LSB Version:	:core-4.1-amd64:core-4.1-noarch:cxx-4.1-amd64:cxx-4.1-noarch:desktop-4.1-amd64:desktop-4.1-noarch:languages-4.1-amd64:languages-4.1-noarch:printing-4.1-amd64:printing-4.1-noarch
Distributor ID:	Fedora
Description:	Fedora release 31 (Thirty One)
Release:	31
Codename:	ThirtyOne
-------------------------------------------------
sumo: 4.0.2
bash: 5.0.11(1)-release (x86_64-redhat-linux-gnu)
python: 3.7.7
cvs: 1.11.23 (client/server)
subversion: 1.12.2 (r1863366)
darcs 2.14.2 (release)
mercurial: 4.9
git: 2.25.4
=================================================

=================================================
2020-09-09T13:23:33+02:00
Tests ran successfully on this environment:
-------------------------------------------------
host: orange.fritz.box
LSB Version:	:core-4.1-amd64:core-4.1-noarch:cxx-4.1-amd64:cxx-4.1-noarch:desktop-4.1-amd64:desktop-4.1-noarch:languages-4.1-amd64:languages-4.1-noarch:printing-4.1-amd64:printing-4.1-noarch
Distributor ID:	Fedora
Description:	Fedora release 32 (Thirty Two)
Release:	32
Codename:	ThirtyTwo
-------------------------------------------------
sumo: 4.1
bash: 5.0.17(1)-release (x86_64-redhat-linux-gnu)
python: 3.8.5
cvs: 1.11.23 (client/server)
subversion: 1.14.0 (r1876290)
darcs 2.14.2 (release)
mercurial: 5.2
git: 2.26.2
=================================================

=================================================
2020-09-09T13:30:21+02:00
Tests ran successfully on this environment:
-------------------------------------------------
host: tarn.acc.bessy.de
LSB Version:	:core-4.1-amd64:core-4.1-noarch
Distributor ID:	Fedora
Description:	Fedora release 32 (Thirty Two)
Release:	32
Codename:	ThirtyTwo
-------------------------------------------------
sumo: 4.1
bash: 5.0.17(1)-release (x86_64-redhat-linux-gnu)
python: 3.8.5
cvs: 1.11.23 (client/server)
subversion: 1.14.0 (r1876290)
darcs 2.14.2 (release)
mercurial: 5.2
git: 2.26.2
=================================================

=================================================
2020-09-09T15:20:47+0200
Tests ran successfully on this environment:
-------------------------------------------------
host: elbe.acc.bessy.de
Distributor ID:	Debian
Description:	Debian GNU/Linux 7.11 (wheezy)
Release:	7.11
Codename:	wheezy
-------------------------------------------------
sumo: 4.1
bash: 4.2.37(1)-release (x86_64-pc-linux-gnu)
python: 3.2.3
cvs: 1.12.13-MirDebian-9 (client/server)
subversion: 1.8.10 (r1615264)
darcs 2.14.4 (release)
mercurial: 4.4
git: 2.9.4
=================================================

=================================================
2020-09-09T16:06:25+02:00
Tests ran successfully on this environment:
-------------------------------------------------
host: stretch.acc.bessy.de
Distributor ID:	Debian
Description:	Debian GNU/Linux 9.11 (stretch)
Release:	9.11
Codename:	stretch
-------------------------------------------------
sumo: 4.1
bash: 4.4.12(1)-release (x86_64-pc-linux-gnu)
python: 3.5.3
cvs: 1.12.13-MirDebian-22 (client/server)
subversion: 1.9.5 (r1770682)
darcs 2.12.4 (release)
mercurial: 4.4
git: 2.20.1
=================================================

=================================================
2021-03-09T16:14:08+0100
Tests ran successfully on this environment:
-------------------------------------------------
host: elbe.acc.bessy.de
Distributor ID:	Debian
Description:	Debian GNU/Linux 7.11 (wheezy)
Release:	7.11
Codename:	wheezy
-------------------------------------------------
sumo: 4.1.3
bash: 4.2.37(1)-release (x86_64-pc-linux-gnu)
python: 3.2.3
cvs: 1.12.13-MirDebian-9 (client/server)
subversion: 1.8.10 (r1615264)
darcs 2.16.3 (release)
mercurial: 4.4
git: 2.9.4
=================================================

=================================================
2021-03-09T16:16:29+01:00
Tests ran successfully on this environment:
-------------------------------------------------
host: stretch.acc.bessy.de
Distributor ID:	Debian
Description:	Debian GNU/Linux 9.11 (stretch)
Release:	9.11
Codename:	stretch
-------------------------------------------------
sumo: 4.1.3
bash: 4.4.12(1)-release (x86_64-pc-linux-gnu)
python: 3.5.3
cvs: 1.12.13-MirDebian-22 (client/server)
subversion: 1.9.5 (r1770682)
darcs 2.12.4 (release)
mercurial: 4.4
git: 2.20.1
=================================================

=================================================
2021-03-09T16:20:12+01:00
Tests ran successfully on this environment:
-------------------------------------------------
host: tarn.acc.bessy.de
LSB Version:	:core-4.1-amd64:core-4.1-noarch
Distributor ID:	Fedora
Description:	Fedora release 32 (Thirty Two)
Release:	32
Codename:	ThirtyTwo
-------------------------------------------------
sumo: 4.1.3
bash: 5.0.17(1)-release (x86_64-redhat-linux-gnu)
python: 3.8.5
cvs: 1.11.23 (client/server)
subversion: 1.14.0 (r1876290)
darcs 2.14.2 (release)
mercurial: 5.2
git: 2.26.2
=================================================

=================================================
2021-03-09T16:29:21+01:00
Tests ran successfully on this environment:
-------------------------------------------------
host: orange.fritz.box
LSB Version:	:core-4.1-amd64:core-4.1-noarch:cxx-4.1-amd64:cxx-4.1-noarch:desktop-4.1-amd64:desktop-4.1-noarch:languages-4.1-amd64:languages-4.1-noarch:printing-4.1-amd64:printing-4.1-noarch
Distributor ID:	Fedora
Description:	Fedora release 33 (Thirty Three)
Release:	33
Codename:	ThirtyThree
-------------------------------------------------
sumo: 4.1.3
bash: 5.0.17(1)-release (x86_64-redhat-linux-gnu)
python: 3.9.1
cvs: 1.11.23 (client/server)
subversion: 1.14.0 (r1876290)
darcs 2.14.4 (release)
mercurial: 5.4.2
git: 2.29.2
=================================================


=================================================
2021-08-19T09:11:40+0200
Tests ran successfully on this environment:
-------------------------------------------------
host: elbe.acc.bessy.de
Distributor ID:	Debian
Description:	Debian GNU/Linux 7.11 (wheezy)
Release:	7.11
Codename:	wheezy
-------------------------------------------------
sumo: 4.1.4
bash: 4.2.37(1)-release (x86_64-pc-linux-gnu)
python: 3.2.3
cvs: 1.12.13-MirDebian-9 (client/server)
subversion: 1.8.10 (r1615264)
darcs 2.16.4 (release)
mercurial: 4.4
git: 2.9.4
=================================================

=================================================
2021-08-19T09:16:49+02:00
Tests ran successfully on this environment:
-------------------------------------------------
host: stretch.acc.bessy.de
Distributor ID:	Debian
Description:	Debian GNU/Linux 9.13 (stretch)
Release:	9.13
Codename:	stretch
-------------------------------------------------
sumo: 4.1.4
bash: 4.4.12(1)-release (x86_64-pc-linux-gnu)
python: 3.5.3
cvs: 1.12.13-MirDebian-22 (client/server)
subversion: 1.9.5 (r1770682)
darcs 2.16.3 (release)
mercurial: 4.4
git: 2.9.4
=================================================

=================================================
2021-08-19T09:30:01+02:00
Tests ran successfully on this environment:
-------------------------------------------------
host: tarn.acc.bessy.de
LSB Version:	:core-4.1-amd64:core-4.1-noarch:cxx-4.1-amd64:cxx-4.1-noarch:desktop-4.1-amd64:desktop-4.1-noarch:languages-4.1-amd64:languages-4.1-noarch:printing-4.1-amd64:printing-4.1-noarch
Distributor ID:	Fedora
Description:	Fedora release 33 (Thirty Three)
Release:	33
Codename:	ThirtyThree
-------------------------------------------------
sumo: 4.1.4
bash: 5.0.17(1)-release (x86_64-redhat-linux-gnu)
python: 3.9.6
cvs: 1.11.23 (client/server)
subversion: 1.14.1 (r1886195)
darcs 2.14.4 (release)
mercurial: 5.4.2
git: 2.31.1
=================================================

=================================================
2022-04-07T20:21:22+02:00
Tests ran successfully on this environment:
-------------------------------------------------
host: orange
LSB Version:	:core-4.1-amd64:core-4.1-noarch:cxx-4.1-amd64:cxx-4.1-noarch:desktop-4.1-amd64:desktop-4.1-noarch:languages-4.1-amd64:languages-4.1-noarch:printing-4.1-amd64:printing-4.1-noarch
Distributor ID:	Fedora
Description:	Fedora release 35 (Thirty Five)
Release:	35
Codename:	ThirtyFive
-------------------------------------------------
sumo: 4.2
bash: 5.1.8(1)-release (x86_64-redhat-linux-gnu)
python: 3.10.4
cvs: 1.11.23 (client/server)
subversion: 1.14.1 (r1886195)
darcs 2.16.4 (release)
mercurial: 5.9.3
git: 2.35.1
=================================================

=================================================
2022-04-07T20:24:27+02:00
Tests ran successfully on this environment:
-------------------------------------------------
host: tarn.acc.bessy.de
LSB Version:	:core-4.1-amd64:core-4.1-noarch:cxx-4.1-amd64:cxx-4.1-noarch:desktop-4.1-amd64:desktop-4.1-noarch:languages-4.1-amd64:languages-4.1-noarch:printing-4.1-amd64:printing-4.1-noarch
Distributor ID:	Fedora
Description:	Fedora release 33 (Thirty Three)
Release:	33
Codename:	ThirtyThree
-------------------------------------------------
sumo: 4.2
bash: 5.0.17(1)-release (x86_64-redhat-linux-gnu)
python: 3.9.7
cvs: 1.11.23 (client/server)
subversion: 1.14.1 (r1886195)
darcs 2.14.4 (release)
mercurial: 5.4.2
git: 2.31.1
=================================================

=================================================
2022-04-07T20:27:00+02:00
Tests ran successfully on this environment:
-------------------------------------------------
host: stretch.acc.bessy.de
Distributor ID:	Debian
Description:	Debian GNU/Linux 9.13 (stretch)
Release:	9.13
Codename:	stretch
-------------------------------------------------
sumo: 4.2
bash: 4.4.12(1)-release (x86_64-pc-linux-gnu)
python: 3.5.3
cvs: 1.12.13-MirDebian-22 (client/server)
subversion: 1.9.5 (r1770682)
darcs 2.16.3 (release)
mercurial: 6.0.3
git: 2.9.4
=================================================

=================================================
2022-04-07T20:34:51+0200
Tests ran successfully on this environment:
-------------------------------------------------
host: elbe.acc.bessy.de
Distributor ID:	Debian
Description:	Debian GNU/Linux 7.11 (wheezy)
Release:	7.11
Codename:	wheezy
-------------------------------------------------
sumo: 4.2
bash: 4.2.37(1)-release (x86_64-pc-linux-gnu)
python: 3.2.3
cvs: 1.12.13-MirDebian-9 (client/server)
subversion: 1.8.10 (r1615264)
darcs 2.16.4 (release)
mercurial: 4.4
git: 2.9.4
=================================================
